MO regfile NULL reg_bank.v vlg72/regfile.bin 1395040117
MO DMem NULL ipcore_dir/DMem.v vlg1F/_d_mem.bin 1395040117
MO module1 NULL module1.v vlg4B/module1.bin 1394903419
MO Core NULL Core.v vlg2D/_core.bin 1395040117
MO SPRAM NULL ipcore_dir/SPRAM.v vlg47/_s_p_r_a_m.bin 1394903419
MO IMem NULL ipcore_dir/IMem.v vlg10/_i_mem.bin 1395040117
MO Mem_Test1 NULL ipcore_dir/Mem_Test1.v vlg03/_mem___test1.bin 1394903419
MO Core_TB NULL Core_TB.v vlg26/_core___t_b.bin 1395040117
